// Jest Snapshot v1, https://goo.gl/fbAQLP

exports[`bff 1`] = `
Array [
  "A test with a multiline name",
  "asleep",
  "beforeEach",
  "done",
  "done.pass",
  "manual pass",
  "only",
  "only with test specified after name",
  "parseInt after a 1 second timeout",
  "registration [ONE]",
  "registration [TWO]",
  "second snapshot pass",
  "sleep",
  "snapshot pass",
  "strict equality",
  "tags second call",
  "warn pass",
]
`;

exports[`bff 2`] = `
Array [
  "afterEach",
  "done.fail",
  "manual fail",
  "manual fail inside of try-catch",
  "manual fail with reason",
  "no assertions",
  "parseInt with the wrong base",
  "snapshot fail",
  "tags",
  "timeout",
]
`;

exports[`bff 3`] = `
Array [
  "warn fail",
  "warn in-test",
]
`;

exports[`bff 4`] = `
Array [
  "skip in-test",
  "skip no assertions",
  "skip via only",
  "skip with no test function",
  "skip with test specified after name",
]
`;
