// Jest Snapshot v1, https://goo.gl/fbAQLP

exports[`dom snapshot 1`] = `
<a
  href="https://iankwalter.com"
>
  Ian's Website
</a>
`;
