// Jest Snapshot v1, https://goo.gl/fbAQLP

exports[`snapshot pass 1`] = `
"<html>
  <head>
    <title>Demo</title>
  </head>
  <body>
    <main>
      <h1>Demo</h1>
    </main>
  </body>
</html>"
`;
